// Jest Snapshot v1, https://goo.gl/fbAQLP

exports[`render MainPage without crashing 1`] = `
Object {
  "asFragment": [Function],
  "baseElement": <body>
    <div>
      <div
        class="tc"
      >
        <div>
          <h1
            class="f1"
          >
            RoboFriends
          </h1>
          <button
            color="red"
            data-testid="counter"
          >
            Count 
            0
          </button>
        </div>
        <div
          class="pa2"
        >
          <input
            aria-label="search robots"
            class="pa3 ba b--green bg-lightest-blue"
            placeholder="search robots"
            type="search"
            value=""
          />
        </div>
        <div
          style="overflow-y: scroll; border: 5px solid black; height: 500px;"
        >
          <div />
        </div>
      </div>
    </div>
  </body>,
  "container": <div>
    <div
      class="tc"
    >
      <div>
        <h1
          class="f1"
        >
          RoboFriends
        </h1>
        <button
          color="red"
          data-testid="counter"
        >
          Count 
          0
        </button>
      </div>
      <div
        class="pa2"
      >
        <input
          aria-label="search robots"
          class="pa3 ba b--green bg-lightest-blue"
          placeholder="search robots"
          type="search"
          value=""
        />
      </div>
      <div
        style="overflow-y: scroll; border: 5px solid black; height: 500px;"
      >
        <div />
      </div>
    </div>
  </div>,
  "debug": [Function],
  "findAllByAltText": [Function],
  "findAllByDisplayValue": [Function],
  "findAllByLabelText": [Function],
  "findAllByPlaceholderText": [Function],
  "findAllByRole": [Function],
  "findAllByTestId": [Function],
  "findAllByText": [Function],
  "findAllByTitle": [Function],
  "findByAltText": [Function],
  "findByDisplayValue": [Function],
  "findByLabelText": [Function],
  "findByPlaceholderText": [Function],
  "findByRole": [Function],
  "findByTestId": [Function],
  "findByText": [Function],
  "findByTitle": [Function],
  "getAllByAltText": [Function],
  "getAllByDisplayValue": [Function],
  "getAllByLabelText": [Function],
  "getAllByPlaceholderText": [Function],
  "getAllByRole": [Function],
  "getAllByTestId": [Function],
  "getAllByText": [Function],
  "getAllByTitle": [Function],
  "getByAltText": [Function],
  "getByDisplayValue": [Function],
  "getByLabelText": [Function],
  "getByPlaceholderText": [Function],
  "getByRole": [Function],
  "getByTestId": [Function],
  "getByText": [Function],
  "getByTitle": [Function],
  "queryAllByAltText": [Function],
  "queryAllByDisplayValue": [Function],
  "queryAllByLabelText": [Function],
  "queryAllByPlaceholderText": [Function],
  "queryAllByRole": [Function],
  "queryAllByTestId": [Function],
  "queryAllByText": [Function],
  "queryAllByTitle": [Function],
  "queryByAltText": [Function],
  "queryByDisplayValue": [Function],
  "queryByLabelText": [Function],
  "queryByPlaceholderText": [Function],
  "queryByRole": [Function],
  "queryByTestId": [Function],
  "queryByText": [Function],
  "queryByTitle": [Function],
  "rerender": [Function],
  "unmount": [Function],
}
`;
